[]
[1]
[1, 2]
[1, 2]
[1, 2, 3, 4, 5, 6, 7]
[1, 1, 2, 2, 3, 3, 3]
[1, 2, 3, 6, 9, 23, 54, 72, 73]
